
         
 *******************************************************************************
 *                                                                             *
 *                               CRYSTAL23                                     *
 *                      public : 1.0.1 - October 2022                          *
 *                       HTTP://WWW.CRYSTAL.UNITO.IT                           *
 *                                                                             *
 *                              MAIN AUTHORS                                   *
 *                                                                             *
 *  R. DOVESI(1,11), V.R. SAUNDERS(2), C. ROETTI(1,11), R. ORLANDO(1,11),      *
 *  C.M. ZICOVICH-WILSON(1,3), F. PASCALE(4), B. CIVALLERI(1,11),              *
 *  K. DOLL(5), N.M. HARRISON(6), I.J. BUSH(7), Ph. D'ARCO(8),                 *
 *  M. LLUNELL(9), M. CAUSA'(10), Y. NOEL(8), L. MASCHIO(1,11), A. ERBA(1,11)  *
 *  M. RE'RAT(14), S. CASASSA(1,11), B.G. SEARLE(2), J.K. DESMARAIS(1)         *
 *                                                                             *
 *        CONTRIBUTIONS TO THE CODE HAVE ALSO BEEN GIVEN BY                    *
 *                                                                             *
 *  M. FERRABONE(1,11), M. DE LA PIERRE(1,11), M. FERRERO(1,11),               *
 *  J. BAIMA(1,11), E. ALBANESE(1,11), M.F. PEINTINGER(12), R. BAST(13),       *
 *  B. KIRTMAN(15), V. LACIVITA(1,11), R. DEMICHELIS(1,16)                     *
 *  G. BRANDEBURG(17), S. SALUSTRO(1,11), G. SANSONE(1,11)                     *
 *  M.T. RUGGIERO(18), L.E. DAGA(1), L. DONA'(1), A. COSSARD(1)                *
 *                                                                             *
 * (1) THEORETICAL CHEMISTRY GROUP - UNIVERSITA' DI TORINO - TORINO (ITALY)    *
 * (2) SCIENTIFIC COMPUTING DEPARTMENT - STFC DARESBURY (UK)                   *
 * (3) UNIVERSIDAD AUTONOMA DEL ESTADO DE MORELOS - CUERNAVACA (MEXICO)        *
 * (4) UNIVERSITE' DE LORRAINE - NANCY (FRANCE)                                *
 * (5) UNIVERSITAET STUTTGART- STUTTGART (GERMANY)                             *
 * (6) IMPERIAL COLLEGE - LONDON (UK)                                          *
 * (7) SCIENTIFIC COMPUTING DEPARTMENT - STFC RAL (UK)                         *
 * (8) UPMC - SORBONNE UNIVERSITES - PARIS (FRANCE)                            *
 * (9) UNIVERSIDAD DE BARCELONA - BARCELONA (SPAIN)                            *
 *(10) UNIVERSITA' DI NAPOLI "FEDERICO II" - NAPOLI (ITALY)                    *
 *(11) NIS - NANOSTRUCTURED INTERFACES AND SURFACES - TORINO (ITALY)           *
 *(12) MPI FUER CHEMISCHE ENERGIEKONVERSION - MUELHEIM AN DER RUHR (GERMANY)   *
 *(13) UNIVERSITY OF TROMSO - TROMSO (NORWAY)                                  *
 *(14) UNIVERSITE' DE PAU ET DES PAYS DE L'ADOUR - PAU (FRANCE)                *
 *(15) UNIVERSITY OF CALIFORNIA SANTA BARBARA - SANTA BARBARA (USA)            *
 *(16) CURTIN UNIVERSITY - PERTH (AUSTRALIA)                                   *
 *(17) UNIVERSITY COLLEGE LONDON - LONDON (UK)                                 *
 *(18) UNIVERSITY OF VERMONT - BURLINGTON (USA)                                *
 *                                                                             *
 *******************************************************************************
 EEEEEEEEEE STARTING  DATE 02 08 2023 TIME 17:04:43.5
 crystal                                                                         

 MOLECULAR CALCULATION
 POINT  GROUP  N.  1                  :  1      OR  C1   
 CORRESPONDING SPACE GROUP            :  P 1             


 NUMBER OF IRREDUCIBLE ATOMS IN THE CONVENTIONAL CELL:    3

 INPUT COORDINATES

 ATOM AT. N.              COORDINATES
   1   8     0.000000000000E+00  0.000000000000E+00  1.192620000000E-01
   2   1     0.000000000000E+00  7.632390000000E-01 -4.770470000000E-01
   3   1     0.000000000000E+00 -7.632390000000E-01 -4.770470000000E-01

 COORDINATES OF THE EQUIVALENT ATOMS (ANGSTROMS)

 N. ATOM EQUIV AT. N.          X                  Y                  Z

   1   1   1    8 O    -2.57243547035E-34 -2.57243547035E-34  1.19262000000E-01

   2   2   1    1 H     3.05489435931E-33  7.63239000000E-01 -4.77047000000E-01

   3   3   1    1 H     3.05489435931E-33 -7.63239000000E-01 -4.77047000000E-01

 NUMBER OF SYMMETRY OPERATORS         :    1
 *******************************************************************************
 * GEOMETRY EDITING - INPUT COORDINATES ARE GIVEN IN ANGSTROM         
 *******************************************************************************
 INFORMATION **** NEW DEFAULT **** FINALRUN 4 FOR GEOMETRY OPTIMIZATIONS
 INFORMATION **** NEW DEFAULT **** OPTGEOM OPTIMIZES BOTH ATOMIC COORDINATES AND CELL PARAMETERS
 INFORMATION **** NEW DEFAULT **** TOL. ON ATOMIC DISP TO REDEFINE REF. GEOMETRY: 0.8 Angs
 INFORMATION **** NEW DEFAULT **** N POINTS TO REDEFINE REF. GEOMETRY: N OF OPT DEGS OF FREEDOM
 INFORMATION **** NEW DEFAULT **** TOL. ON ENERGY TO REDEFINE REF. GEOMETRY: 10**-3*(5*N. ATOMS)

 IMPORTANT INFORMATION:
 THE COORDINATE SYSTEM ADOPTED IN THE OPTIMIZATION IS NOT IN
 GENERAL HOMOGENEOUS UNITS. FOR THIS REASON THE GRADIENT AND 
 HESSIAN MATRIX IN TERMS OF THIS SYSTEM ARE GIVEN WITHOUT
 UNITS. FOR MORE DETAILS SEE THE MANUAL.

 *******************************************************************************
 ATOMIC POSITIONS OPTIMIZATION CONTROL

 INITIAL TRUST RADIUS         0.50000 MAXIMUM TRUST RADIUS               4.00000
 MAXIMUM GRADIENT COMPONENT   0.00045 MAXIMUM DISPLACEMENT COMPONENT     0.00180
 R.M.S. OF GRADIENT COMPONENT 0.00030 R.M.S. OF DISPLACEMENT COMPONENTS  0.00120
 THRESHOLD ON ENERGY CHANGE 0.100E-06 EXTRAPOLATING POLYNOMIAL ORDER           2
 MAXIMUM ALLOWED NUMBER OF STEPS   -1 SORTING OF ENERGY POINTS:               NO
 ANALYTICAL  GRADIENT                 HESSIAN UPDATING                      BFGS
 STEP SIZE NUMERICAL GRADIENT 0.00100
 INITIAL HESSIAN MATRIX: SCHLEGEL MODEL 2
 *******************************************************************************


 GEOMETRY FOR WAVE FUNCTION - DIMENSIONALITY OF THE SYSTEM    0
 (NON PERIODIC DIRECTION: LATTICE PARAMETER FORMALLY SET TO 500)
 *******************************************************************************
 ATOMS IN THE ASYMMETRIC UNIT    3 - ATOMS IN THE UNIT CELL:    3
     ATOM             X(ANGSTROM)         Y(ANGSTROM)         Z(ANGSTROM)
 *******************************************************************************
      1 T   8 O    -2.572435470345E-34 -2.572435470345E-34  1.192620000000E-01
      2 T   1 H     3.054894359311E-33  7.632390000000E-01 -4.770470000000E-01
      3 T   1 H     3.054894359311E-33 -7.632390000000E-01 -4.770470000000E-01

 T = ATOM BELONGING TO THE ASYMMETRIC UNIT

 ****    1 SYMMOPS - TRANSLATORS IN FRACTIONAL UNITS
 **** MATRICES AND TRANSLATORS IN THE CRYSTALLOGRAPHIC REFERENCE FRAME
   V INV                    ROTATION MATRICES                   TRANSLATORS
   1   1  1.00  0.00  0.00  0.00  1.00  0.00  0.00  0.00  1.00  0.00  0.00  0.00

 *******************************************************************************
 LOCAL ATOMIC FUNCTIONS BASIS SET
 *******************************************************************************
   ATOM   X(AU)   Y(AU)   Z(AU)  N. TYPE  EXPONENT  S COEF   P COEF   D/F/G COEF
 *******************************************************************************
   1 O   -0.000  -0.000   0.225
                                  1 S  
                                         2.703E+04 2.173E-04 0.000E+00 0.000E+00
                                         4.052E+03 1.684E-03 0.000E+00 0.000E+00
                                         9.223E+02 8.740E-03 0.000E+00 0.000E+00
                                         2.612E+02 3.524E-02 0.000E+00 0.000E+00
                                         8.535E+01 1.115E-01 0.000E+00 0.000E+00
                                         3.104E+01 2.559E-01 0.000E+00 0.000E+00
                                  2 S  
                                         1.226E+01 3.977E-01 0.000E+00 0.000E+00
                                         4.999E+00 2.463E-01 0.000E+00 0.000E+00
                                  3 S  
                                         1.099E+00 1.000E+00 0.000E+00 0.000E+00
                                  4 S  
                                         3.566E-01 1.000E+00 0.000E+00 0.000E+00
                           5-     7 P  
                                         6.327E+01 0.000E+00 6.069E-03 0.000E+00
                                         1.463E+01 0.000E+00 4.191E-02 0.000E+00
                                         4.450E+00 0.000E+00 1.615E-01 0.000E+00
                                         1.528E+00 0.000E+00 3.571E-01 0.000E+00
                           8-    10 P  
                                         5.490E-01 0.000E+00 1.000E+00 0.000E+00
                          11-    13 P  
                                         1.859E-01 0.000E+00 1.000E+00 0.000E+00
                          14-    18 D  
                                         4.535E-01 0.000E+00 0.000E+00 1.000E+00
   2 H    0.000   1.442  -0.901
                                 19 S  
                                         3.406E+01 6.025E-03 0.000E+00 0.000E+00
                                         5.124E+00 4.502E-02 0.000E+00 0.000E+00
                                         1.165E+00 2.019E-01 0.000E+00 0.000E+00
                                 20 S  
                                         5.157E-01 1.000E+00 0.000E+00 0.000E+00
                                 21 S  
                                         1.795E-01 1.000E+00 0.000E+00 0.000E+00
                          22-    24 P  
                                         5.000E-01 0.000E+00 1.000E+00 0.000E+00
   3 H    0.000  -1.442  -0.901
 INFORMATION **** SET_MPP **** PCRYSTAL CALCULATION
 INFORMATION **** READM2 **** NEW DEFAULT: FOCK/KS MATRIX MIXING SET TO 30 %
 INFORMATION **** READM2 **** NEW DEFAULT: FULL DIRECT SCF MODE
 INFORMATION **** READM2 **** NEW DEFAULT: COULOMB BIPOLAR BUFFER SET TO 32 Mb
 INFORMATION **** READM2 **** NEW DEFAULT: EXCHANGE BIPOLAR BUFFER SET TO 32 Mb

 *******************************************************************************
 NEW DEFAULT: DFT INTEGRATION GRID INCREASED TO XLGRID
 NEW DEFAULT: DIIS ACCELERATOR ACTIVE
 USE KEYWORD NODIIS TO TURN IT OFF
 *******************************************************************************

 WARNING **** SHRINK **** MOLECULAR CASE - SHRINKING NOT USED
 INFORMATION **** READM2 **** FULL DIRECT SCF (MONO AND BIEL INT) SELECTED
 INFORMATION **** MAXCYCLE **** MAX NUMBER OF SCF CYCLES SET TO         400
 INFORMATION **** EXCHSIZE **** EXCHANGE BIPOLAR BUFFER SIZE SET TO    72936720
 INFORMATION **** BIPOSIZE **** COULOMB BIPOLAR BUFFER SET TO   448863740
 *******************************************************************************
 N. OF ATOMS PER CELL         3  COULOMB OVERLAP TOL         (T1) 10**   -6
 NUMBER OF SHELLS            16  COULOMB PENETRATION TOL     (T2) 10**   -6
 NUMBER OF AO                30  EXCHANGE OVERLAP TOL        (T3) 10**   -6
 N. OF ELECTRONS PER CELL    10  EXCHANGE PSEUDO OVP (F(G))  (T4) 10**   -6
 CORE ELECTRONS PER CELL      2  EXCHANGE PSEUDO OVP (P(G))  (T5) 10**  -12
 N. OF SYMMETRY OPERATORS     1  POLE ORDER IN MONO ZONE                  4
 *******************************************************************************
 TYPE OF CALCULATION :  RESTRICTED CLOSED SHELL
 KOHN-SHAM HAMILTONIAN

 (EXCHANGE)[CORRELATION] FUNCTIONAL:(PERDEW-BURKE-ERNZERHOF)[PERDEW-BURKE-ERNZERHOF]


 HYBRID EXCHANGE - PERCENTAGE OF FOCK EXCHANGE    25.0000

 CAPPA:IS1  1;IS2  1;IS3  1; K PTS MONK NET   1; SYMMOPS:K SPACE   2;G SPACE   1

 *******************************************************************************
 MAX NUMBER OF SCF CYCLES     400  CONVERGENCE ON DELTAP        10**-16
 WEIGHT OF F(I) IN F(I+1)      60% CONVERGENCE ON ENERGY        10**- 7

 DISK SPACE FOR EIGENVECTORS (FTN 10)         900 REALS

 SYMMETRY ADAPTION OF THE BLOCH FUNCTIONS DISABLED
 TTTTTTTTTTTTTTTTTTTTTTTTTTTTTT gordsh1     TELAPSE        0.08 TCPU        0.08

 MATRIX SIZE: P(G)     900, F(G)     465, P(G) IRR     490, F(G) IRR     490
 MAX G-VECTOR INDEX FOR 1- AND 2-ELECTRON INTEGRALS   1

 TTTTTTTTTTTTTTTTTTTTTTTTTTTTTT INPUT       TELAPSE        0.08 TCPU        0.08

 NEIGHBORS OF THE NON-EQUIVALENT ATOMS

 N = NUMBER OF NEIGHBORS AT DISTANCE R
    ATOM  N     R/ANG      R/AU   NEIGHBORS (ATOM LABELS AND CELL INDICES)
   1 O    2     0.9686     1.8303    2 H    0 0 0    3 H    0 0 0

   2 H    1     0.9686     1.8303    1 O    0 0 0
   2 H    1     1.5265     2.8846    3 H    0 0 0

   3 H    1     0.9686     1.8303    1 O    0 0 0
   3 H    1     1.5265     2.8846    2 H    0 0 0


 SYMMETRY ALLOWED INTERNAL DEGREE(S) OF FREEDOM:   3
 TTTTTTTTTTTTTTTTTTTTTTTTTTTTTT SYMM        TELAPSE        0.08 TCPU        0.08
 TTTTTTTTTTTTTTTTTTTTTTTTTTTTTT INT_SCREEN  TELAPSE        0.08 TCPU        0.08

 *******************************************************************************
 *                             OPTIMIZATION STARTS                             *
 *******************************************************************************
 RECLASIFICATION OF INDICES FOR INTEGRAL CALC ACCORDING TO DIFFERENT CRITERIA:
           FIXDELTE                  FIXDELTX              FIXDELTN
          0.10000000E-01           0.80000000                 10
 DEFAULT MAX NUM OF POINTS  100
 *******************************************************************************

 *******************************************************************************
 COORDINATE OPTIMIZATION - POINT    1

 DFT PARAMETERS

     ATOM       ELECTRONS   NET CHARGE   R(ANGSTROM)
   1   8  O       8.0000      0.0000     0.74000000
   2   1  H       1.0000      0.0000     1.11000000

 SIZE OF GRID=     105250
 TTTTTTTTTTTTTTTTTTTTTTTTTTTTTT MAKE_GRID2  TELAPSE        0.13 TCPU        0.13
 BECKE WEIGHT FUNCTION
 RADSAFE =     2.00
 TOLERANCES - DENSITY:10**- 6; POTENTIAL:10**- 9; GRID WGT:10**-14

 RADIAL INTEGRATION  - INTERVALS (POINTS,UPPER LIMIT):            1( 75,  4.0*R)

 ANGULAR INTEGRATION - INTERVALS (ACCURACY LEVEL [N. POINTS] UPPER LIMIT):
  1(  4[  86]   0.2)  2(  8[ 194]   0.5)  3( 12[ 350]   0.9)  4( 16[ 974]   3.5)
  5( 12[ 350]9999.0)
 TTTTTTTTTTTTTTTTTTTTTTTTTTTTTT INT_CALC    TELAPSE        0.13 TCPU        0.13

 *******************************************************************************
 crystal                                                                         
 CRYSTAL - SCF - TYPE OF CALCULATION :  RESTRICTED CLOSED SHELL
 *******************************************************************************

 CAPPA:IS1  1;IS2  1;IS3  1; K PTS MONK NET   1; SYMMOPS:K SPACE   2;G SPACE   1

 TTTTTTTTTTTTTTTTTTTTTTTTTTTTTT SDIK        TELAPSE        0.13 TCPU        0.13

 AAAAAAAAAAAAAAAAAAAAAAAAAAAAAAAAAAAAAAAAAAAAAAAAAAAAAAAAAAAAAAAAAAAAAAAAAAAAAAA
         ATOMIC WAVEFUNCTION(S)


 NUCLEAR CHARGE  8.0  SYMMETRY SPECIES            S    P
 N. ELECTRONS    8.0  NUMBER OF PRIMITIVE GTOS   10    6
                      NUMBER OF CONTRACTED GTOS   4    3
                      NUMBER OF CLOSED SHELLS     2    0
                      OPEN SHELL OCCUPATION       0    4

  ZNUC  SCFIT    TOTAL HF ENERGY   KINETIC ENERGY   VIRIAL THEOREM ACCURACY
   8.0    13    -7.480300557E+01  7.484348361E+01 -1.999459164E+00  4.9E-06

 NUCLEAR CHARGE  1.0  SYMMETRY SPECIES            S
 N. ELECTRONS    1.0  NUMBER OF PRIMITIVE GTOS    5
                      NUMBER OF CONTRACTED GTOS   3
                      NUMBER OF CLOSED SHELLS     0
                      OPEN SHELL OCCUPATION       1

  ZNUC  SCFIT    TOTAL HF ENERGY   KINETIC ENERGY   VIRIAL THEOREM ACCURACY
   1.0     1    -4.976647874E-01  5.190806222E-01 -1.958742758E+00  5.7E-13

 AAAAAAAAAAAAAAAAAAAAAAAAAAAAAAAAAAAAAAAAAAAAAAAAAAAAAAAAAAAAAAAAAAAAAAAAAAAAAAA

 CHARGE NORMALIZATION FACTOR   1.00000000
 TOTAL ATOMIC CHARGES:
   8.0000000   1.0000000   1.0000000
 TTTTTTTTTTTTTTTTTTTTTTTTTTTTTT MOQGAD      TELAPSE        0.13 TCPU        0.13
 TTTTTTTTTTTTTTTTTTTTTTTTTTTTTT SHELLXN     TELAPSE        0.25 TCPU        0.25
 TTTTTTTTTTTTTTTTTTTTTTTTTTTTTT MONMO3      TELAPSE        0.25 TCPU        0.25
 NUMERICALLY INTEGRATED DENSITY      9.9999801091
 TTTTTTTTTTTTTTTTTTTTTTTTTTTTTT NUMDFT      TELAPSE        0.39 TCPU        0.39
 CYC   0 ETOT(AU) -7.632820960157E+01 DETOT -7.63E+01 tst  0.00E+00 PX  1.00E+00
 TTTTTTTTTTTTTTTTTTTTTTTTTTTTTT DIIS        TELAPSE        0.39 TCPU        0.39
 TTTTTTTTTTTTTTTTTTTTTTTTTTTTTT FDIK        TELAPSE        0.39 TCPU        0.39
 INSULATING STATE
 TOP OF VALENCE BANDS -    BAND      5; K    1; EIG -4.0998544E-01 AU
 BOTTOM OF VIRTUAL BANDS - BAND      6; K    1; EIG  4.6861304E-02 AU
 DIRECT ENERGY BAND GAP:  12.4314 eV
 TTTTTTTTTTTTTTTTTTTTTTTTTTTTTT PDIG        TELAPSE        0.39 TCPU        0.39
 CHARGE NORMALIZATION FACTOR   1.00000000
 TOTAL ATOMIC CHARGES:
   8.9724603   0.5137699   0.5137698
 TTTTTTTTTTTTTTTTTTTTTTTTTTTTTT MOQGAD      TELAPSE        0.39 TCPU        0.39
 TTTTTTTTTTTTTTTTTTTTTTTTTTTTTT SHELLXN     TELAPSE        0.51 TCPU        0.51
 TTTTTTTTTTTTTTTTTTTTTTTTTTTTTT MONMO3      TELAPSE        0.51 TCPU        0.51
 NUMERICALLY INTEGRATED DENSITY      9.9999746756
 TTTTTTTTTTTTTTTTTTTTTTTTTTTTTT NUMDFT      TELAPSE        0.63 TCPU        0.63
 CYC   1 ETOT(AU) -7.630985018246E+01 DETOT  1.84E-02 tst  0.00E+00 PX  1.00E+00
 TTTTTTTTTTTTTTTTTTTTTTTTTTTTTT DIIS        TELAPSE        0.63 TCPU        0.63
 DIIS TEST: 0.50602E+00 AT SCF   CYCLE   1 - MIX   60 %
 TTTTTTTTTTTTTTTTTTTTTTTTTTTTTT FDIK        TELAPSE        0.63 TCPU        0.63
 INSULATING STATE
 TOP OF VALENCE BANDS -    BAND      5; K    1; EIG -3.1908384E-01 AU
 BOTTOM OF VIRTUAL BANDS - BAND      6; K    1; EIG  8.1507132E-02 AU
 DIRECT ENERGY BAND GAP:  10.9006 eV
 TTTTTTTTTTTTTTTTTTTTTTTTTTTTTT PDIG        TELAPSE        0.63 TCPU        0.63
 CHARGE NORMALIZATION FACTOR   1.00000000
 TOTAL ATOMIC CHARGES:
   8.7489767   0.6255117   0.6255116
 TTTTTTTTTTTTTTTTTTTTTTTTTTTTTT MOQGAD      TELAPSE        0.63 TCPU        0.63
 TTTTTTTTTTTTTTTTTTTTTTTTTTTTTT SHELLXN     TELAPSE        0.70 TCPU        0.70
 TTTTTTTTTTTTTTTTTTTTTTTTTTTTTT MONMO3      TELAPSE        0.70 TCPU        0.70
 NUMERICALLY INTEGRATED DENSITY      9.9999663071
 TTTTTTTTTTTTTTTTTTTTTTTTTTTTTT NUMDFT      TELAPSE        0.78 TCPU        0.78
 CYC   2 ETOT(AU) -7.636550823763E+01 DETOT -5.57E-02 tst  2.57E-03 PX  6.48E-02
 TTTTTTTTTTTTTTTTTTTTTTTTTTTTTT DIIS        TELAPSE        0.78 TCPU        0.78
 DIIS TEST: 0.60657E-02 AT SCF   CYCLE   2 - DIIS ACTIVE - HISTORY:     2 CYCLES
 TTTTTTTTTTTTTTTTTTTTTTTTTTTTTT FDIK        TELAPSE        0.79 TCPU        0.78
 INSULATING STATE
 TOP OF VALENCE BANDS -    BAND      5; K    1; EIG -3.2609872E-01 AU
 BOTTOM OF VIRTUAL BANDS - BAND      6; K    1; EIG  9.7739018E-02 AU
 DIRECT ENERGY BAND GAP:  11.5332 eV
 TTTTTTTTTTTTTTTTTTTTTTTTTTTTTT PDIG        TELAPSE        0.79 TCPU        0.78
 CHARGE NORMALIZATION FACTOR   1.00000000
 TOTAL ATOMIC CHARGES:
   8.6975039   0.6512481   0.6512481
 TTTTTTTTTTTTTTTTTTTTTTTTTTTTTT MOQGAD      TELAPSE        0.79 TCPU        0.79
 TTTTTTTTTTTTTTTTTTTTTTTTTTTTTT SHELLXN     TELAPSE        0.85 TCPU        0.85
 TTTTTTTTTTTTTTTTTTTTTTTTTTTTTT MONMO3      TELAPSE        0.85 TCPU        0.85
 NUMERICALLY INTEGRATED DENSITY      9.9999658321
 TTTTTTTTTTTTTTTTTTTTTTTTTTTTTT NUMDFT      TELAPSE        0.94 TCPU        0.94
 CYC   3 ETOT(AU) -7.636638679363E+01 DETOT -8.79E-04 tst  8.35E-05 PX  1.77E-02
 TTTTTTTTTTTTTTTTTTTTTTTTTTTTTT DIIS        TELAPSE        0.94 TCPU        0.94
 DIIS TEST: 0.51161E-03 AT SCF   CYCLE   3 - DIIS ACTIVE - HISTORY:     3 CYCLES
 TTTTTTTTTTTTTTTTTTTTTTTTTTTTTT FDIK        TELAPSE        0.94 TCPU        0.94
 INSULATING STATE
 TOP OF VALENCE BANDS -    BAND      5; K    1; EIG -3.2281184E-01 AU
 BOTTOM OF VIRTUAL BANDS - BAND      6; K    1; EIG  1.0154803E-01 AU
 DIRECT ENERGY BAND GAP:  11.5474 eV
 TTTTTTTTTTTTTTTTTTTTTTTTTTTTTT PDIG        TELAPSE        0.94 TCPU        0.94
 CHARGE NORMALIZATION FACTOR   1.00000000
 TOTAL ATOMIC CHARGES:
   8.6965952   0.6517024   0.6517024
 TTTTTTTTTTTTTTTTTTTTTTTTTTTTTT MOQGAD      TELAPSE        0.94 TCPU        0.94
 TTTTTTTTTTTTTTTTTTTTTTTTTTTTTT SHELLXN     TELAPSE        1.01 TCPU        1.01
 TTTTTTTTTTTTTTTTTTTTTTTTTTTTTT MONMO3      TELAPSE        1.01 TCPU        1.01
 NUMERICALLY INTEGRATED DENSITY      9.9999654816
 TTTTTTTTTTTTTTTTTTTTTTTTTTTTTT NUMDFT      TELAPSE        1.09 TCPU        1.09
 CYC   4 ETOT(AU) -7.636646037497E+01 DETOT -7.36E-05 tst  4.76E-06 PX  2.94E-03
 TTTTTTTTTTTTTTTTTTTTTTTTTTTTTT DIIS        TELAPSE        1.09 TCPU        1.09
 DIIS TEST: 0.24781E-05 AT SCF   CYCLE   4 - DIIS ACTIVE - HISTORY:     4 CYCLES
 TTTTTTTTTTTTTTTTTTTTTTTTTTTTTT FDIK        TELAPSE        1.10 TCPU        1.09
 INSULATING STATE
 TOP OF VALENCE BANDS -    BAND      5; K    1; EIG -3.2326518E-01 AU
 BOTTOM OF VIRTUAL BANDS - BAND      6; K    1; EIG  1.0128326E-01 AU
 DIRECT ENERGY BAND GAP:  11.5526 eV
 TTTTTTTTTTTTTTTTTTTTTTTTTTTTTT PDIG        TELAPSE        1.10 TCPU        1.09
 CHARGE NORMALIZATION FACTOR   1.00000000
 TOTAL ATOMIC CHARGES:
   8.6971871   0.6514065   0.6514065
 TTTTTTTTTTTTTTTTTTTTTTTTTTTTTT MOQGAD      TELAPSE        1.10 TCPU        1.10
 TTTTTTTTTTTTTTTTTTTTTTTTTTTTTT SHELLXN     TELAPSE        1.16 TCPU        1.16
 TTTTTTTTTTTTTTTTTTTTTTTTTTTTTT MONMO3      TELAPSE        1.16 TCPU        1.16
 NUMERICALLY INTEGRATED DENSITY      9.9999654735
 TTTTTTTTTTTTTTTTTTTTTTTTTTTTTT NUMDFT      TELAPSE        1.25 TCPU        1.25
 CYC   5 ETOT(AU) -7.636646069038E+01 DETOT -3.15E-07 tst  2.41E-08 PX  2.46E-04
 TTTTTTTTTTTTTTTTTTTTTTTTTTTTTT DIIS        TELAPSE        1.25 TCPU        1.25
 DIIS TEST: 0.29984E-07 AT SCF   CYCLE   5 - DIIS ACTIVE - HISTORY:     5 CYCLES
 TTTTTTTTTTTTTTTTTTTTTTTTTTTTTT FDIK        TELAPSE        1.25 TCPU        1.25
 INSULATING STATE
 TOP OF VALENCE BANDS -    BAND      5; K    1; EIG -3.2327805E-01 AU
 BOTTOM OF VIRTUAL BANDS - BAND      6; K    1; EIG  1.0127225E-01 AU
 DIRECT ENERGY BAND GAP:  11.5526 eV
 TTTTTTTTTTTTTTTTTTTTTTTTTTTTTT PDIG        TELAPSE        1.25 TCPU        1.25
 CHARGE NORMALIZATION FACTOR   1.00000000
 TOTAL ATOMIC CHARGES:
   8.6971966   0.6514017   0.6514017
 TTTTTTTTTTTTTTTTTTTTTTTTTTTTTT MOQGAD      TELAPSE        1.25 TCPU        1.25
 TTTTTTTTTTTTTTTTTTTTTTTTTTTTTT SHELLXN     TELAPSE        1.32 TCPU        1.32
 TTTTTTTTTTTTTTTTTTTTTTTTTTTTTT MONMO3      TELAPSE        1.32 TCPU        1.32
 NUMERICALLY INTEGRATED DENSITY      9.9999654738
 TTTTTTTTTTTTTTTTTTTTTTTTTTTTTT NUMDFT      TELAPSE        1.40 TCPU        1.40
 CYC   6 ETOT(AU) -7.636646069426E+01 DETOT -3.88E-09 tst  2.18E-10 PX  4.51E-05
 TTTTTTTTTTTTTTTTTTTTTTTTTTTTTT DIIS        TELAPSE        1.40 TCPU        1.40
 DIIS TEST: 0.39826E-10 AT SCF   CYCLE   6 - DIIS ACTIVE - HISTORY:     6 CYCLES
 TTTTTTTTTTTTTTTTTTTTTTTTTTTTTT FDIK        TELAPSE        1.40 TCPU        1.40
 INSULATING STATE
 TOP OF VALENCE BANDS -    BAND      5; K    1; EIG -3.2327680E-01 AU
 BOTTOM OF VIRTUAL BANDS - BAND      6; K    1; EIG  1.0127266E-01 AU
 DIRECT ENERGY BAND GAP:  11.5526 eV
 TTTTTTTTTTTTTTTTTTTTTTTTTTTTTT PDIG        TELAPSE        1.40 TCPU        1.40
 CHARGE NORMALIZATION FACTOR   1.00000000
 TOTAL ATOMIC CHARGES:
   8.6971940   0.6514030   0.6514030
 TTTTTTTTTTTTTTTTTTTTTTTTTTTTTT MOQGAD      TELAPSE        1.40 TCPU        1.40
 TTTTTTTTTTTTTTTTTTTTTTTTTTTTTT SHELLXN     TELAPSE        1.47 TCPU        1.47

 ::: DIPOLE MOMENT ALONG NON PERIODIC DIRECTIONS:
 ::: A.U.     (X) -1.06026E-32   (Y) -1.30999E-08   (Z)  7.80509E-01
 ::: DEBYE         2.69492E-32        3.32966E-08       -1.98386E+00

 +++ ENERGIES IN A.U. +++
 ::: EXT EL-POLE                                   0.0000000000000E+00
 ::: EXT EL-SPHEROPOLE                             0.0000000000000E+00
 ::: BIELET ZONE E-E                               4.4462799183615E+01
 ::: TOTAL E-E                                     4.4462799183615E+01
 ::: TOTAL E-N + N-E                              -1.9899101690667E+02
 ::: TOTAL N-N                                     9.0882937241424E+00
 ::: KINETIC ENERGY                                7.6092772499536E+01
 ::: PSEUDO TOTAL   ENERGY                        -6.9347151499375E+01
 ::: VIRIAL COEFFICIENT                            1.0463808066911E+00
 TTTTTTTTTTTTTTTTTTTTTTTTTTTTTT MONMO3      TELAPSE        1.47 TCPU        1.47
 NUMERICALLY INTEGRATED DENSITY      9.9999654736
 EXCHANGE ENERGY: -0.669201836551E+01  CORRELATION ENERGY: -0.327290829385E+00
 TTTTTTTTTTTTTTTTTTTTTTTTTTTTTT NUMDFT      TELAPSE        1.56 TCPU        1.56
 CYC   7 ETOT(AU) -7.636646069427E+01 DETOT -1.04E-11 tst  1.62E-12 PX  4.51E-05

 == SCF ENDED - CONVERGENCE ON ENERGY      E(AU) -7.6366460694270E+01 CYCLES   7


 ENERGY EXPRESSION=HARTREE+FOCK EXCH*0.25000+(PBE        EXCH)*0.75000+PBE        CORR


 TOTAL ENERGY(DFT)(AU)(  7) -7.6366460694270E+01 DE-1.0E-11 tester 1.6E-12
 TTTTTTTTTTTTTTTTTTTTTTTTTTTTTT EDFT        TELAPSE        1.56 TCPU        1.56

 *******************************************************************************
 *                             FORCE CALCULATION                               *
 *******************************************************************************

 TTTTTTTTTTTTTTTTTTTTTTTTTTTTTT NUMDFG      TELAPSE        1.95 TCPU        1.95
 INFORMATION **** EXCPOG **** EXCH. BIPO BUFFER LENGTH (WORDS) =       43200
 INFORMATION **** GENPOG **** BIPO BUFFER LENGTH (WORDS) =       13600
 TTTTTTTTTTTTTTTTTTTTTTTTTTTTTT SHELXG      TELAPSE        2.19 TCPU        2.19

 CARTESIAN FORCES IN HARTREE/BOHR (ANALYTICAL)
   ATOM                     X                   Y                   Z
   1   8            -6.959653933008E-12 -9.320053674339E-10 -4.282231023072E-03
   2   1             2.474718373607E-12 -4.216083367377E-04  2.141115868187E-03
   3   1             4.498876175852E-12  4.216092690061E-04  2.141115154453E-03

 RESULTANT FORCE     1.394061645140E-14  2.631172189849E-13 -4.316547119743E-13

 SYMMETRY ALLOWED FORCES (ANALYTICAL) (DIRECTION, FORCE)

    1 -8.3309117E-10    2 -5.2446405E-03    3 -5.9624489E-04
 TTTTTTTTTTTTTTTTTTTTTTTTTTTTTT TOTGRA      TELAPSE        2.19 TCPU        2.19
 INFORMATION **** opta001 **** GEOMETRY OUTPUT FILE
 CLASSICAL MODEL (SCHLEGEL) USED AS INITIAL HESSIAN MATRIX
 REFERENCE GEOMETRY DEFINED

 MAX GRADIENT      0.005245  THRESHOLD              0.000450 CONVERGED NO
 RMS GRADIENT      0.003047  THRESHOLD              0.000300 CONVERGED NO

 GRADIENT NORM     0.005278  GRADIENT THRESHOLD     0.500000

 EIGENVALUES OF THE ESTIMATED HESSIAN
  0.1528      0.9825       1.175    

 INITIAL TRUST RADIUS    0.5000000000E+00

 PREDICTED ENERGY CHANGE    -0.265E-04

 INITIAL DISPLACEMENTS
 -0.000000 -0.011200  0.009503
 TTTTTTTTTTTTTTTTTTTTTTTTTTTTTT OPTI        TELAPSE        2.19 TCPU        2.19

 OPTOPTOPTOPTOPTOPTOPTOPTOPTOPTOPTOPTOPTOPTOPTOPTOPTOPTOPTOPTOPTOPTOPTOPTOPTOPT

 - INFORMATION ON SCF MOVED TO SCFOUT.LOG
 GEOMETRY OPTIMIZATION INFORMATION STORED IN OPTINFO.DAT

 OPTOPTOPTOPTOPTOPTOPTOPTOPTOPTOPTOPTOPTOPTOPTOPTOPTOPTOPTOPTOPTOPTOPTOPTOPTOPT
 *******************************************************************************
 COORDINATE OPTIMIZATION - POINT    2
 *******************************************************************************
 ATOMS IN THE ASYMMETRIC UNIT    3 - ATOMS IN THE UNIT CELL:    3
     ATOM             X(ANGSTROM)         Y(ANGSTROM)         Z(ANGSTROM)
 *******************************************************************************
      1 T   8 O    -2.303650332807E-34 -2.793281454776E-10  1.144228598098E-01
      2 T   1 H     3.041455103040E-33  7.667948365326E-01 -4.746274300140E-01
      3 T   1 H     3.041455101828E-33 -7.667948362532E-01 -4.746274297958E-01

 T = ATOM BELONGING TO THE ASYMMETRIC UNIT

 TOTAL ENERGY(DFT)(AU)(  4) -7.6366490102862E+01     DE (AU)   -2.941E-05

 UPDATED TRUST RADIUS     0.100E+01

 SYMMETRY ALLOWED FORCES  (COORDINATE, FORCE)

    1  2.7598038E-09    2 -1.0377257E-03    3 -5.7206433E-04

 GRADIENT NORM     0.001185  GRADIENT THRESHOLD     0.500000

 EIGENVALUES OF THE ESTIMATED HESSIAN
  0.1603      0.8275       1.175    

 PREDICTED ENERGY CHANGE    -0.864E-06

 MAX GRADIENT      0.001038  THRESHOLD              0.000450 CONVERGED NO
 RMS GRADIENT      0.000684  THRESHOLD              0.000300 CONVERGED NO
 MAX DISPLAC.      0.001468  THRESHOLD              0.001800 CONVERGED YES
 RMS DISPLAC.      0.000873  THRESHOLD              0.001200 CONVERGED YES
 TTTTTTTTTTTTTTTTTTTTTTTTTTTTTT OPTI        TELAPSE        3.68 TCPU        3.68
 *******************************************************************************
 COORDINATE OPTIMIZATION - POINT    3
 *******************************************************************************
 ATOMS IN THE ASYMMETRIC UNIT    3 - ATOMS IN THE UNIT CELL:    3
     ATOM             X(ANGSTROM)         Y(ANGSTROM)         Z(ANGSTROM)
 *******************************************************************************
      1 T   8 O    -2.268409951245E-34  7.632961085869E-10  1.137884008204E-01
      2 T   1 H     3.039693081699E-33  7.666611940991E-01 -4.743102001120E-01
      3 T   1 H     3.039693085012E-33 -7.666611948624E-01 -4.743102007084E-01

 T = ATOM BELONGING TO THE ASYMMETRIC UNIT

 TOTAL ENERGY(DFT)(AU)(  4) -7.6366490880472E+01     DE (AU)   -7.776E-07

 UPDATED TRUST RADIUS     0.200E+01

 SYMMETRY ALLOWED FORCES  (COORDINATE, FORCE)

    1  2.7847181E-09    2  7.8440264E-05    3  7.5275681E-05

 GRADIENT NORM     0.000109  GRADIENT THRESHOLD     0.500000

 EIGENVALUES OF THE ESTIMATED HESSIAN
  0.1582      0.9073       1.175    

 PREDICTED ENERGY CHANGE    -0.745E-08

 MAX GRADIENT      0.000078  THRESHOLD              0.000450 CONVERGED YES
 RMS GRADIENT      0.000063  THRESHOLD              0.000300 CONVERGED YES
 MAX DISPLAC.      0.000165  THRESHOLD              0.001800 CONVERGED YES
 RMS DISPLAC.      0.000097  THRESHOLD              0.001200 CONVERGED YES

 CONVERGENCE TESTS SATISFIED AFTER   3 ENERGY AND GRADIENT CALCULATIONS
 +++++++++++++++++++++++++++++++++++++++++++++++++++++++++++++++++++++++++++++++
 FINALRUN OPTION: RE-STARTING OPTIMIZATION
 +++++++++++++++++++++++++++++++++++++++++++++++++++++++++++++++++++++++++++++++
 TTTTTTTTTTTTTTTTTTTTTTTTTTTTTT OPTI        TELAPSE        5.29 TCPU        5.29
 *******************************************************************************
 COORDINATE OPTIMIZATION - POINT    4
 *******************************************************************************
 ATOMS IN THE ASYMMETRIC UNIT    3 - ATOMS IN THE UNIT CELL:    3
     ATOM             X(ANGSTROM)         Y(ANGSTROM)         Z(ANGSTROM)
 *******************************************************************************
      1 T   8 O    -2.269163277040E-34  1.626154242177E-09  1.138019635090E-01
      2 T   1 H     3.039730746117E-33  7.667230614791E-01 -4.743169811193E-01
      3 T   1 H     3.039730753174E-33 -7.667230631053E-01 -4.743169823898E-01

 T = ATOM BELONGING TO THE ASYMMETRIC UNIT

 REFERENCE GEOMETRY WILL BE CHANGED

 TOTAL ENERGY(DFT)(AU)(  3) -7.6366490887514E+01     DE (AU)   -7.042E-09

 SYMMETRY ALLOWED FORCES  (COORDINATE, FORCE)

    1 -2.9062797E-09    2  7.3024782E-06    3 -2.5307824E-06

 GRADIENT NORM     0.000008  GRADIENT THRESHOLD     0.500000

 HESSIAN UPDATE SKIPPED

 EIGENVALUES OF THE ESTIMATED HESSIAN
  0.1582      0.9073       1.175    

 PREDICTED ENERGY CHANGE    -0.132E-09

 MAX GRADIENT      0.000007  THRESHOLD              0.000450 CONVERGED YES
 RMS GRADIENT      0.000004  THRESHOLD              0.000300 CONVERGED YES
 MAX DISPLAC.      0.000030  THRESHOLD              0.001800 CONVERGED YES
 RMS DISPLAC.      0.000023  THRESHOLD              0.001200 CONVERGED YES

 CONVERGENCE TESTS SATISFIED AFTER   4 ENERGY AND GRADIENT CALCULATIONS

 ******************************************************************
 * OPT END - CONVERGED * E(AU):  -7.636649088751E+01  POINTS    4 *
 ******************************************************************

   BAND GAP:                     11.5758  eV 

 EIGENVECTORS IN FORTRAN UNIT  8

 NEIGHBORS OF THE NON-EQUIVALENT ATOMS

 N = NUMBER OF NEIGHBORS AT DISTANCE R
    ATOM  N     R/ANG      R/AU   NEIGHBORS (ATOM LABELS AND CELL INDICES)
   1 O    2     0.9663     1.8261    2 H    0 0 0    3 H    0 0 0

   2 H    1     0.9663     1.8261    1 O    0 0 0
   2 H    1     1.5334     2.8978    3 H    0 0 0

   3 H    1     0.9663     1.8261    1 O    0 0 0
   3 H    1     1.5334     2.8978    2 H    0 0 0


 FINAL OPTIMIZED GEOMETRY - DIMENSIONALITY OF THE SYSTEM      0
 (NON PERIODIC DIRECTION: LATTICE PARAMETER FORMALLY SET TO 500)
 *******************************************************************************
 ATOMS IN THE ASYMMETRIC UNIT    3 - ATOMS IN THE UNIT CELL:    3
     ATOM             X(ANGSTROM)         Y(ANGSTROM)         Z(ANGSTROM)
 *******************************************************************************
      1 T   8 O    -2.269163277040E-34  1.626154242177E-09  1.138019635090E-01
      2 T   1 H     3.039730746117E-33  7.667230614791E-01 -4.743169811193E-01
      3 T   1 H     3.039730753174E-33 -7.667230631053E-01 -4.743169823898E-01

 T = ATOM BELONGING TO THE ASYMMETRIC UNIT
 INFORMATION **** fort.34 **** GEOMETRY OUTPUT FILE

 ****    1 SYMMOPS - TRANSLATORS IN FRACTIONAL UNITS
 **** MATRICES AND TRANSLATORS IN THE CRYSTALLOGRAPHIC REFERENCE FRAME
   V INV                    ROTATION MATRICES                   TRANSLATORS
   1   1  1.00  0.00  0.00  0.00  1.00  0.00  0.00  0.00  1.00  0.00  0.00  0.00
 TTTTTTTTTTTTTTTTTTTTTTTTTTTTTT END         TELAPSE        7.67 TCPU        7.66
 EEEEEEEEEE TERMINATION  DATE 02 08 2023 TIME 17:04:51.2
