Siesta Version  : 4.1.5
Architecture    : unknown
Compiler version: GNU Fortran (Ubuntu 9.3.0-17ubuntu1~20.04) 9.3.0
Compiler flags  : mpif90 -O2 -fPIC -ftree-vectorize
PP flags        : -DFC_HAVE_ABORT -DMPI -DCDF -DNCDF -DNCDF_4
Libraries       : libncdf.a libfdict.a -L/usr/lib -lscalapack-openmpi -L/opt/intel/oneapi/mkl/llatest/lib/intel64 -Wl,--no-as-needed -lmkl_gf_lp64 -lmkl_sequential -lmkl_core -lpthread -lm -ldl -lnetcdff -lnetcdf -lhdf5_hl -lhdf5 -lz
PARALLEL version
NetCDF support
NetCDF-4 support

* Running on 2 nodes in parallel
>> Start of run:  13-MAR-2022  17:47:12

                           ***********************       
                           *  WELCOME TO SIESTA  *       
                           ***********************       

reinit: Reading from standard input
reinit: Dumped input in INPUT_TMP.56001
************************** Dump of input data file ****************************
# -----------------------------------------------------------------------------
# FDF for bcc iron
#
# GGA, Ferromagnetic.
# Scalar-relativistic pseudopotential with non-linear partial-core correction
#
# E. Artacho, April 1999
# -----------------------------------------------------------------------------
SystemName       bcc Fe ferro GGA   # Descriptive name of the system
SystemLabel            fe           # Short name for naming files
# Output options
WriteCoorStep
WriteMullikenPop       1
# Species and atoms
NumberOfSpecies        1
NumberOfAtoms          1
%block ChemicalSpeciesLabel
  1  26  Fe
%endblock ChemicalSpeciesLabel
# Basis
PAO.EnergyShift       50 meV
PAO.BasisSize         DZP
%block PAO.Basis
  Fe  2
  0  2  P
  6. 0.
  2  2
  0. 0.
%endblock PAO.Basis
LatticeConstant       2.86 Ang
%block LatticeVectors
 0.50000   0.500000  0.500000
 0.50000  -0.500000  0.500000
 0.50000   0.500000 -0.500000
%endblock LatticeVectors
KgridCutoff          15. Ang
%block BandLines
  1  0.00000   0.000000  0.000000  \Gamma
 40  2.00000   0.000000  0.000000  H
 28  1.00000   1.000000  0.000000  N
 28  0.00000   0.000000  0.000000  \Gamma
 34  1.00000   1.000000  1.000000  P
%endblock BandLines
xc.functional         GGA           # Exchange-correlation functional
xc.authors            PBE           # Exchange-correlation version
SpinPolarized         true          # Logical parameters are: yes or no
MeshCutoff           150. Ry        # Mesh cutoff. real space mesh
# SCF options
DM.MixingWeight       0.1           # New DM amount for next SCF cycle
DM.Tolerance          1.d-3         # Tolerance in maximum difference
                                    # between input and output DM
DM.UseSaveDM          true          # to use continuation files
DM.NumberPulay         3
Diag.DivideAndConquer .false.
SolutionMethod        diagon        # OrderN or Diagon
ElectronicTemperature  25 meV       # Temp. for Fermi smearing
# MD options
MD.TypeOfRun           cg           # Type of dynamics:
MD.NumCGsteps           0           # Number of CG steps for
                                    #   coordinate optimization
MD.MaxCGDispl          0.1 Ang      # Maximum atomic displacement
                                    #   in one CG step (Bohr)
MD.MaxForceTol         0.04 eV/Ang  # Tolerance in the maximum
                                    #   atomic force (Ry/Bohr)
# Atomic coordinates
AtomicCoordinatesFormat     Fractional
%block AtomicCoordinatesAndAtomicSpecies
  0.000000000000    0.000000000000    0.000000000000  1
%endblock AtomicCoordinatesAndAtomicSpecies
save-hs T
************************** End of input data file *****************************

reinit: -----------------------------------------------------------------------
reinit: System Name: bcc Fe ferro GGA
reinit: -----------------------------------------------------------------------
reinit: System Label: fe
reinit: -----------------------------------------------------------------------

initatom: Reading input for the pseudopotentials and atomic orbitals ----------
Species number:   1 Atomic number:   26 Label: Fe

Ground state valence configuration:   4s02  3d06
Reading pseudopotential information in formatted form from Fe.psf

Pseudopotential generated from a relativistic atomic calculation

Valence configuration for pseudopotential generation:
4s( 2.00) rc: 2.00
4p( 0.00) rc: 2.00
3d( 6.00) rc: 2.00
4f( 0.00) rc: 2.00
For Fe, standard SIESTA heuristics set lmxkb to 3
 (one more than the basis l, including polarization orbitals).
Use PS.lmax or PS.KBprojectors blocks to override.
Fe: nkbl increased for l=1 due to the presence of a polarization orbital

<basis_specs>
===============================================================================
Fe                   Z=  26    Mass=  55.850        Charge= 0.17977+309
Lmxo=2 Lmxkb= 3    BasisType=split      Semic=F
L=0  Nsemic=0  Cnfigmx=4
          i=1  nzeta=2  polorb=1  (4s)
            splnorm:   0.15000    
               vcte:    0.0000    
               rinn:    0.0000    
               qcoe:    0.0000    
               qyuk:    0.0000    
               qwid:   0.10000E-01
                rcs:    6.0000      0.0000    
            lambdas:    1.0000      1.0000    
L=1  Nsemic=0  Cnfigmx=4
L=2  Nsemic=0  Cnfigmx=3
          i=1  nzeta=2  polorb=0  (3d)
            splnorm:   0.15000    
               vcte:    0.0000    
               rinn:    0.0000    
               qcoe:    0.0000    
               qyuk:    0.0000    
               qwid:   0.10000E-01
                rcs:    0.0000      0.0000    
            lambdas:    1.0000      1.0000    
-------------------------------------------------------------------------------
L=0  Nkbl=1  erefs: 0.17977+309
L=1  Nkbl=1  erefs: 0.17977+309
L=2  Nkbl=1  erefs: 0.17977+309
L=3  Nkbl=1  erefs: 0.17977+309
===============================================================================
</basis_specs>

atom: Called for Fe                    (Z =  26)

read_vps: Pseudopotential generation method:
read_vps: ATM3      Troullier-Martins                       
Valence charge for ps generation:    8.00000

read_vps: Pseudopotential includes a core correction:
read_vps: Pseudo-core for xc-correction

xc_check: Exchange-correlation functional:
xc_check: GGA Perdew, Burke & Ernzerhof 1996
V l=0 = -2*Zval/r beyond r=  2.7645
V l=1 = -2*Zval/r beyond r=  2.7645
V l=2 = -2*Zval/r beyond r=  2.7645
V l=3 = -2*Zval/r beyond r=  2.7645
All V_l potentials equal beyond r=  1.9726
This should be close to max(r_c) in ps generation
All pots = -2*Zval/r beyond r=  2.7645
Using large-core scheme for Vlocal

atom: Estimated core radius    2.76453
atom: Maximum radius for 4*pi*r*r*local-pseudopot. charge    3.05528
atom: Maximum radius for r*vlocal+2*Zval:    2.79930
GHOST: No ghost state for L =  0
GHOST: No ghost state for L =  1
GHOST: No ghost state for L =  2
GHOST: No ghost state for L =  3

KBgen: Kleinman-Bylander projectors: 
   l= 0   rc=  2.047986   el= -0.388305   Ekb=  4.259322   kbcos=  0.262992
   l= 1   rc=  2.047986   el= -0.097543   Ekb=  2.850785   kbcos=  0.194191
   l= 2   rc=  2.022544   el= -0.553240   Ekb=-12.567334   kbcos= -0.683368
   l= 3   rc=  2.047986   el=  0.003178   Ekb= -1.649997   kbcos= -0.006611

KBgen: Total number of Kleinman-Bylander projectors:   16
atom: -------------------------------------------------------------------------

atom: SANKEY-TYPE ORBITALS:
atom: Selected multiple-zeta basis: split     

SPLIT: Orbitals with angular momentum L= 0

SPLIT: Basis orbitals for state 4s

   izeta = 1
                 lambda =    1.000000
                     rc =    6.000769
                 energy =   -0.359899
                kinetic =    0.368794
    potential(screened) =   -0.728692
       potential(ionic) =   -6.200046

   izeta = 2
                 rmatch =    5.852607
              splitnorm =    0.150000
                 energy =   -0.302546
                kinetic =    0.545359
    potential(screened) =   -0.847905
       potential(ionic) =   -6.625795

SPLIT: Orbitals with angular momentum L= 2

SPLIT: Basis orbitals for state 3d

SPLIT: PAO cut-off radius determined from an
SPLIT: energy shift=  0.003675 Ry

   izeta = 1
                 lambda =    1.000000
                     rc =    4.791692
                 energy =   -0.550135
                kinetic =    9.305455
    potential(screened) =   -9.855590
       potential(ionic) =  -18.595674

   izeta = 2
                 rmatch =    2.235267
              splitnorm =    0.150000
                 energy =   -0.167120
                kinetic =   12.792829
    potential(screened) =  -12.959949
       potential(ionic) =  -22.329705

POLgen: Perturbative polarization orbital with L=  1

POLgen: Polarization orbital for state 4s

   izeta = 1
                     rc =    6.000769
                 energy =   -0.010549
                kinetic =    0.693233
    potential(screened) =   -0.703782
       potential(ionic) =   -5.834871
atom: Total number of Sankey-type orbitals: 15

atm_pop: Valence configuration (for local Pseudopot. screening):
 4s( 2.00)                                                            
 4p( 0.00)                                                            
 3d( 6.00)                                                            
Vna: chval, zval:    8.00000   8.00000

Vna:  Cut-off radius for the neutral-atom potential:   6.000769
comcore: Pseudo-core radius Rcore=  3.778693

atom: _________________________________________________________________________

prinput: Basis input ----------------------------------------------------------

PAO.BasisType split     

%block ChemicalSpeciesLabel
    1   26 Fe                      # Species index, atomic number, species label
%endblock ChemicalSpeciesLabel

%block PAO.Basis                 # Define Basis set
Fe                    2                    # Species label, number of l-shells
 n=4   0   2 P   1                   # n, l, Nzeta, Polarization, NzetaPol
   6.001      5.853   
   1.000      1.000   
 n=3   2   2                         # n, l, Nzeta 
   4.792      2.235   
   1.000      1.000   
%endblock PAO.Basis

prinput: ----------------------------------------------------------------------

Dumping basis to NetCDF file Fe.ion.nc
coor:   Atomic-coordinates input format  =     Fractional

siesta: Atomic coordinates (Bohr) and species
siesta:      0.00000   0.00000   0.00000  1        1

siesta: System type = bulk      

initatomlists: Number of atoms, orbitals, and projectors:      1    15    16

siesta: ******************** Simulation parameters ****************************
siesta:
siesta: The following are some of the parameters of the simulation.
siesta: A complete list of the parameters used, including default values,
siesta: can be found in file out.fdf
siesta:
redata: Spin configuration                          = collinear
redata: Number of spin components                   = 2
redata: Time-Reversal Symmetry                      = T
redata: Spin spiral                                 = F
redata: Long output                                 =   F
redata: Number of Atomic Species                    =        1
redata: Charge density info will appear in .RHO file
redata: Write Mulliken Pop.                         = Atomic and Orbital charges
redata: Matel table size (NRTAB)                    =     1024
redata: Mesh Cutoff                                 =   150.0000 Ry
redata: Net charge of the system                    =     0.0000 |e|
redata: Min. number of SCF Iter                     =        0
redata: Max. number of SCF Iter                     =     1000
redata: SCF convergence failure will abort job
redata: SCF mix quantity                            = Hamiltonian
redata: Mix DM or H after convergence               =   F
redata: Recompute H after scf cycle                 =   F
redata: Mix DM in first SCF step                    =   T
redata: Write Pulay info on disk                    =   F
redata: New DM Occupancy tolerance                  = 0.000000000001
redata: No kicks to SCF
redata: DM Mixing Weight for Kicks                  =     0.5000
redata: Require Harris convergence for SCF          =   F
redata: Harris energy tolerance for SCF             =     0.000100 eV
redata: Require DM convergence for SCF              =   T
redata: DM tolerance for SCF                        =     0.001000
redata: Require EDM convergence for SCF             =   F
redata: EDM tolerance for SCF                       =     0.001000 eV
redata: Require H convergence for SCF               =   T
redata: Hamiltonian tolerance for SCF               =     0.001000 eV
redata: Require (free) Energy convergence for SCF   =   F
redata: (free) Energy tolerance for SCF             =     0.000100 eV
redata: Antiferro initial spin density              =   F
redata: Using Saved Data (generic)                  =   F
redata: Use continuation files for DM               =   T
redata: Neglect nonoverlap interactions             =   F
redata: Method of Calculation                       = Diagonalization
redata: Electronic Temperature                      =   290.1109 K
redata: Fix the spin of the system                  =   F
redata: Dynamics option                             = Single-point calculation
mix.SCF: Pulay mixing                            = Pulay
mix.SCF:    Variant                              = stable
mix.SCF:    History steps                        = 3
mix.SCF:    Linear mixing weight                 =     0.100000
mix.SCF:    Mixing weight                        =     0.100000
mix.SCF:    SVD condition                        = 0.1000E-07
mix.SCF: Spin-component mixing                   all
redata: Save all siesta data in one NC              =   F
redata: ***********************************************************************

%block SCF.Mixers
  Pulay
%endblock SCF.Mixers

%block SCF.Mixer.Pulay
  # Mixing method
  method pulay
  variant stable

  # Mixing options
  weight 0.1000
  weight.linear 0.1000
  history 3
%endblock SCF.Mixer.Pulay

DM_history_depth set to one: no extrapolation allowed by default for geometry relaxation
Size of DM history Fstack: 1
Total number of electrons:     8.000000
Total ionic charge:     8.000000

* ProcessorY, Blocksize:    1   8


* Orbital distribution balance (max,min):     8     7

 Kpoints in:         1183 . Kpoints trimmed:         1099

siesta: k-grid: Number of k-points =  1099
siesta: k-grid: Cutoff (effective) =    16.099 Ang
siesta: k-grid: Supercell and displacements
siesta: k-grid:    0  13   0      0.000
siesta: k-grid:    0   0  13      0.000
siesta: k-grid:   13   0   0      0.000

diag: Algorithm                                     = Expert
diag: Parallel over k                               =   F
diag: Use parallel 2D distribution                  =   F
diag: Parallel block-size                           = 8
diag: Parallel distribution                         =     1 x     2
diag: Used triangular part                          = Lower
diag: Absolute tolerance                            =  0.100E-15
diag: Orthogonalization factor                      =  0.100E-05
diag: Memory factor                                 =  1.0000
Using LatticeConstant from fdf file for BandLinesScale:    5.404619 Bohr
Beware any cell changes by the end of the run
Using LatticeConstant from fdf file for BandLinesScale:    5.404619 Bohr
Beware any cell changes by the end of the run

superc: Internal auxiliary supercell:     9 x     9 x     9  =     729
superc: Number of atoms, orbitals, and projectors:    729  10935  11664


ts: **************************************************************
ts: Save H and S matrices                           =    F
ts: Save DM and EDM matrices                        =    F
ts: Only save the overlap matrix S                  =    F
ts: **************************************************************

************************ Begin: TS CHECKS AND WARNINGS ************************
************************ End: TS CHECKS AND WARNINGS **************************


                     ====================================
                        Single-point calculation
                     ====================================

outcoor: Atomic coordinates (fractional):                   
    0.00000000    0.00000000    0.00000000   1       1  Fe

superc: Internal auxiliary supercell:     9 x     9 x     9  =     729
superc: Number of atoms, orbitals, and projectors:    729  10935  11664

outcell: Unit cell vectors (Ang):
        1.430000    1.430000    1.430000
        1.430000   -1.430000    1.430000
        1.430000    1.430000   -1.430000

outcell: Cell vector modules (Ang)   :    2.476833    2.476833    2.476833
outcell: Cell angles (23,13,12) (deg):    109.4712     70.5288     70.5288
outcell: Cell volume (Ang**3)        :     11.6968
<dSpData1D:S at geom step 0
  <sparsity:sparsity for geom step 0
    nrows_g=15 nrows=8 sparsity=35.2444 nnzs=7930, refcount: 7>
  <dData1D:(new from dSpData1D) n=7930, refcount: 1>
refcount: 1>
new_DM -- step:     1
Initializing Density Matrix...

Attempting to read DM from file... Failed...
DM filled with atomic data:
<dSpData2D:DM initialized from atoms
  <sparsity:sparsity for geom step 0
    nrows_g=15 nrows=8 sparsity=35.2444 nnzs=7930, refcount: 8>
  <dData2D:DM n=7930 m=2, refcount: 1>
refcount: 1>
     spin moment: S , {S} =    4.00000       0.0       0.0   4.00000
No. of atoms with KB's overlaping orbs in proc 0. Max # of overlaps:      27     215
New grid distribution:   1
           1       1:    8    1:    8    1:    4
           2       1:    8    1:    8    5:    8

InitMesh: MESH =    16 x    16 x    16 =        4096
InitMesh: (bp) =     8 x     8 x     8 =         512
InitMesh: Mesh cutoff (required, used) =   150.000   172.997 Ry
ExtMesh (bp) on 0 =    60 x    60 x    56 =      201600
New grid distribution:   2
           1       1:    8    1:    8    1:    4
           2       1:    8    1:    8    5:    8
New grid distribution:   3
           1       1:    8    1:    8    1:    4
           2       1:    8    1:    8    5:    8
Setting up quadratic distribution...
ExtMesh (bp) on 0 =    60 x    60 x    56 =      201600
PhiOnMesh: Number of (b)points on node 0 =                  256
PhiOnMesh: nlist on node 0 =                25874

stepf: Fermi-Dirac step function

siesta: Program's energy decomposition (eV):
siesta: Ebs     =       -68.320315
siesta: Eions   =       711.951407
siesta: Ena     =        22.500645
siesta: Ekin    =       761.533204
siesta: Enl     =      -466.506210
siesta: Eso     =         0.000000
siesta: Edftu   =         0.000000
siesta: DEna    =         2.122013
siesta: DUscf   =         0.067767
siesta: DUext   =         0.000000
siesta: Exc     =      -389.888011
siesta: eta*DQ  =         0.000000
siesta: Emadel  =         0.000000
siesta: Emeta   =         0.000000
siesta: Emolmec =         0.000000
siesta: Ekinion =         0.000000
siesta: Eharris =      -782.412399
siesta: Etot    =      -782.121998
siesta: FreeEng =      -782.124587

        iscf     Eharris(eV)        E_KS(eV)     FreeEng(eV)     dDmax    Ef(eV) dHmax(eV)
   scf:    1     -782.412399     -782.121998     -782.124587  0.928191 -5.234155  1.671208
     spin moment: S , {S} =    2.75473       0.0       0.0   2.75473
timer: Routine,Calls,Time,% = IterSCF        1       4.559  74.78
   scf:    2     -782.190024     -782.157049     -782.159355  0.007983 -5.328244  1.315590
     spin moment: S , {S} =    2.72556       0.0       0.0   2.72556
   scf:    3     -782.236724     -782.204724     -782.206626  0.017510 -5.628506  0.454075
     spin moment: S , {S} =    2.66363       0.0       0.0   2.66363
   scf:    4     -782.241432     -782.222035     -782.224462  0.021039 -5.831781  0.229798
     spin moment: S , {S} =    2.55893       0.0       0.0   2.55893
   scf:    5     -782.245886     -782.231778     -782.234641  0.024165 -5.883950  0.249770
     spin moment: S , {S} =    2.42715       0.0       0.0   2.42715
   scf:    6     -782.163857     -782.193963     -782.196168  0.038058 -5.652316  0.911593
     spin moment: S , {S} =    2.63328       0.0       0.0   2.63328
   scf:    7     -782.290916     -782.236020     -782.238559  0.048291 -5.916709  0.107970
     spin moment: S , {S} =    2.37560       0.0       0.0   2.37560
   scf:    8     -782.238190     -782.237126     -782.239630  0.003750 -5.934304  0.112390
     spin moment: S , {S} =    2.36003       0.0       0.0   2.36003
   scf:    9     -782.236292     -782.236696     -782.239206  0.003331 -5.921171  0.068163
     spin moment: S , {S} =    2.37634       0.0       0.0   2.37634
   scf:   10     -782.237148     -782.236923     -782.239410  0.000754 -5.918487  0.059402
     spin moment: S , {S} =    2.37184       0.0       0.0   2.37184
   scf:   11     -782.239375     -782.238003     -782.240534  0.005977 -5.918602  0.041055
     spin moment: S , {S} =    2.33934       0.0       0.0   2.33934
   scf:   12     -782.238484     -782.238233     -782.240786  0.001365 -5.917999  0.038819
     spin moment: S , {S} =    2.33196       0.0       0.0   2.33196
   scf:   13     -782.241390     -782.239359     -782.241927  0.009028 -5.912226  0.027641
     spin moment: S , {S} =    2.28901       0.0       0.0   2.28901
   scf:   14     -782.239573     -782.239456     -782.242015  0.001243 -5.911113  0.023001
     spin moment: S , {S} =    2.28476       0.0       0.0   2.28476
   scf:   15     -782.239425     -782.239439     -782.242000  0.000763 -5.911248  0.017833
     spin moment: S , {S} =    2.28938       0.0       0.0   2.28938
   scf:   16     -782.239399     -782.239419     -782.241983  0.000365 -5.911783  0.016618
     spin moment: S , {S} =    2.29117       0.0       0.0   2.29117
   scf:   17     -782.239354     -782.239385     -782.241955  0.000519 -5.912911  0.015577
     spin moment: S , {S} =    2.29287       0.0       0.0   2.29287
   scf:   18     -782.239392     -782.239389     -782.241959  0.000113 -5.913113  0.015392
     spin moment: S , {S} =    2.29221       0.0       0.0   2.29221
   scf:   19     -782.239520     -782.239448     -782.242014  0.001139 -5.913311  0.014129
     spin moment: S , {S} =    2.28584       0.0       0.0   2.28584
   scf:   20     -782.239607     -782.239516     -782.242071  0.001466 -5.912927  0.011109
     spin moment: S , {S} =    2.27823       0.0       0.0   2.27823
   scf:   21     -782.239639     -782.239559     -782.242104  0.001788 -5.912366  0.005249
     spin moment: S , {S} =    2.26981       0.0       0.0   2.26981
   scf:   22     -782.239561     -782.239560     -782.242105  0.000142 -5.912484  0.004184
     spin moment: S , {S} =    2.26961       0.0       0.0   2.26961
   scf:   23     -782.239557     -782.239559     -782.242104  0.000155 -5.912690  0.003470
     spin moment: S , {S} =    2.27043       0.0       0.0   2.27043
   scf:   24     -782.239550     -782.239553     -782.242101  0.000390 -5.913063  0.003036
     spin moment: S , {S} =    2.27211       0.0       0.0   2.27211
   scf:   25     -782.239552     -782.239553     -782.242101  0.000035 -5.913122  0.003138
     spin moment: S , {S} =    2.27218       0.0       0.0   2.27218
   scf:   26     -782.239560     -782.239556     -782.242104  0.000293 -5.913186  0.002927
     spin moment: S , {S} =    2.27050       0.0       0.0   2.27050
   scf:   27     -782.239563     -782.239559     -782.242106  0.000307 -5.913167  0.002027
     spin moment: S , {S} =    2.26882       0.0       0.0   2.26882
   scf:   28     -782.239564     -782.239561     -782.242106  0.000411 -5.913156  0.000763
     spin moment: S , {S} =    2.26677       0.0       0.0   2.26677

SCF Convergence by DM+H criterion
max |DM_out - DM_in|         :     0.0004110654
max |H_out - H_in|      (eV) :     0.0007629450
SCF cycle converged after 28 iterations

Using DM_out to compute the final energy and forces
No. of atoms with KB's overlaping orbs in proc 0. Max # of overlaps:      27     215

siesta: E_KS(eV) =             -782.2396

siesta: E_KS - E_eggbox =      -782.2396
     spin moment: S , {S} =    2.26677       0.0       0.0   2.26677

siesta: Atomic forces (eV/Ang):
----------------------------------------
   Tot    0.000000    0.000000    0.000000
----------------------------------------
   Max    0.000000
   Res    0.000000    sqrt( Sum f_i^2 / 3N )
----------------------------------------
   Max    0.000000    constrained

Stress tensor Voigt[x,y,z,yz,xz,xy] (kbar):      -35.71      -35.71      -35.71        5.08       -5.08       -5.08
(Free)E + p*V (eV/cell)     -781.9814
Target enthalpy (eV/cell)     -782.2421

mulliken: Atomic and Orbital Populations:

mulliken: Spin UP 

Species: Fe                  
Atom  Qatom  Qorb
               4s      4s      3dxy    3dyz    3dz2    3dxz    3dx2-y2 3dxy    
               3dyz    3dz2    3dxz    3dx2-y2 4Ppy    4Ppz    4Ppx    
   1  5.133  -0.155   0.451   0.899   0.899   0.968   0.899   0.968  -0.029
             -0.029  -0.023  -0.029  -0.023   0.113   0.113   0.113

mulliken: Qtot =        5.133

mulliken: Spin DOWN 

Species: Fe                  
Atom  Qatom  Qorb
               4s      4s      3dxy    3dyz    3dz2    3dxz    3dx2-y2 3dxy    
               3dyz    3dz2    3dxz    3dx2-y2 4Ppy    4Ppz    4Ppx    
   1  2.867  -0.246   0.548   0.547   0.547   0.344   0.547   0.344  -0.050
             -0.050  -0.042  -0.050  -0.042   0.157   0.157   0.157

mulliken: Qtot =        2.867
Computing bands...

siesta: Program's energy decomposition (eV):
siesta: Ebs     =       -65.248026
siesta: Eions   =       711.951407
siesta: Ena     =        22.500645
siesta: Ekin    =       770.329185
siesta: Enl     =      -473.462610
siesta: Eso     =         0.000000
siesta: Edftu   =         0.000000
siesta: DEna    =         0.833259
siesta: DUscf   =         0.021654
siesta: DUext   =         0.000000
siesta: Exc     =      -390.510287
siesta: eta*DQ  =         0.000000
siesta: Emadel  =         0.000000
siesta: Emeta   =         0.000000
siesta: Emolmec =         0.000000
siesta: Ekinion =         0.000000
siesta: Eharris =      -782.239564
siesta: Etot    =      -782.239561
siesta: FreeEng =      -782.242106

siesta: Final energy (eV):
siesta:  Band Struct. =     -65.248026
siesta:       Kinetic =     770.329185
siesta:       Hartree =      85.427452
siesta:       Edftu   =       0.000000
siesta:       Eso     =       0.000000
siesta:    Ext. field =       0.000000
siesta:   Exch.-corr. =    -390.510287
siesta:  Ion-electron =    -817.619330
siesta:       Ion-ion =    -429.866580
siesta:       Ekinion =       0.000000
siesta:         Total =    -782.239561
siesta:         Fermi =      -5.913156

siesta: Stress tensor (static) (eV/Ang**3):
siesta:    -0.022288   -0.003173   -0.003173
siesta:    -0.003173   -0.022288    0.003173
siesta:    -0.003173    0.003173   -0.022288

siesta: Cell volume =         11.696828 Ang**3

siesta: Pressure (static):
siesta:                Solid            Molecule  Units
siesta:           0.00024274          0.00024274  Ry/Bohr**3
siesta:           0.02228795          0.02228795  eV/Ang**3
siesta:          35.70962383         35.70962383  kBar
(Free)E+ p_basis*V_orbitals  =        -781.658022
(Free)Eharris+ p_basis*V_orbitals  =        -781.658025
     spin moment: S , {S} =    2.26677       0.0       0.0   2.26677

cite: Please see "fe.bib" for an exhaustive BiBTeX file.
cite: Please clearly indicate Siesta version in published work: 4.1.5
cite: This calculation has made use of the following articles
cite: which are encouraged to be cited in a published work.
        Primary SIESTA paper
          DOI: www.doi.org/10.1088/0953-8984/14/11/302

>> End of run:  13-MAR-2022  17:48:27
Job completed
