Siesta Version  : 4.1.5
Architecture    : unknown
Compiler version: GNU Fortran (Ubuntu 9.3.0-17ubuntu1~20.04) 9.3.0
Compiler flags  : mpif90 -O2 -fPIC -ftree-vectorize
PP flags        : -DFC_HAVE_ABORT -DMPI -DCDF -DNCDF -DNCDF_4
Libraries       : libncdf.a libfdict.a -L/usr/lib -lscalapack-openmpi -L/opt/intel/oneapi/mkl/llatest/lib/intel64 -Wl,--no-as-needed -lmkl_gf_lp64 -lmkl_sequential -lmkl_core -lpthread -lm -ldl -lnetcdff -lnetcdf -lhdf5_hl -lhdf5 -lz
PARALLEL version
NetCDF support
NetCDF-4 support

* Running in serial mode with MPI
>> Start of run:   4-JUN-2023  23:28:09

                           ***********************       
                           *  WELCOME TO SIESTA  *       
                           ***********************       

reinit: Reading from standard input
reinit: Dumped input in INPUT_TMP.63130
************************** Dump of input data file ****************************
NumberOfAtoms 3
NumberOfSpecies 2
%block ChemicalSpeciesLabel
 1  1  H
 2  8  O
%endblock ChemicalSpeciesLabel
LatticeConstant       1.0 Ang
%block LatticeVectors
  20.0  0.0  0.0
  0.0  20.0  0.0
  0.0  0.0  20.0
%endblock LatticeVectors
AtomicCoordinatesFormat Ang
%block AtomicCoordinatesAndAtomicSpecies
    0.69944719    0.00000000    0.77490595 1
    0.69944719    0.00000000   -0.77490594 1
    0.12775474    0.00000000    0.00000000 2
%endblock AtomicCoordinatesAndAtomicSpecies
SystemName          H2O
SystemLabel         siesta
WriteMullikenPop    1
PAO.BasisSize  DZP
MeshCutoff       200.0 Ry
Spin non-polarized
MaxSCFIterations       150
SolutionMethod         diagon
NetCharge     0.00
DM.NumberPulay    4
DM.MixingWeight   0.3
DM.UseSaveDM      .true.
NeglNonOverlapInt False
XC.functional=LDA
XC.authors=CA
ZM.UnitsLength = Ang
WriteCoorXmol     True
WriteForces .true.
WriteMullikenPop     1
MD.TypeOfRun           cg               # Type of dynamics: Conjugate gradients
MD.NumCGsteps          0                # number of CG steps
MD.MaxCGDispl          0.15 Ang
MD.MaxForceTol         0.04 eV/Ang
MD.UseSaveXV           yes
MD.VariableCell        .false.
WriteCoorStep True
************************** End of input data file *****************************

reinit: -----------------------------------------------------------------------
reinit: System Name: H2O
reinit: -----------------------------------------------------------------------
reinit: System Label: siesta
reinit: -----------------------------------------------------------------------

initatom: Reading input for the pseudopotentials and atomic orbitals ----------
Species number:   1 Atomic number:    1 Label: H
Species number:   2 Atomic number:    8 Label: O

Ground state valence configuration:   1s01
Reading pseudopotential information in formatted form from H.psf

Valence configuration for pseudopotential generation:
1s( 1.00) rc: 1.31
2p( 0.00) rc: 1.31
3d( 0.00) rc: 0.37
4f( 0.00) rc: 1.31
Ground state valence configuration:   2s02  2p04
Reading pseudopotential information in formatted form from O.psf

Valence configuration for pseudopotential generation:
2s( 2.00) rc: 1.47
2p( 4.00) rc: 1.47
3d( 0.00) rc: 1.47
4f( 0.00) rc: 1.47
For H, standard SIESTA heuristics set lmxkb to 2
 (one more than the basis l, including polarization orbitals).
Use PS.lmax or PS.KBprojectors blocks to override.
For O, standard SIESTA heuristics set lmxkb to 3
 (one more than the basis l, including polarization orbitals).
Use PS.lmax or PS.KBprojectors blocks to override.

<basis_specs>
===============================================================================
H                    Z=   1    Mass=  1.0100        Charge= 0.17977+309
Lmxo=0 Lmxkb= 2    BasisType=split      Semic=F
L=0  Nsemic=0  Cnfigmx=1
          i=1  nzeta=2  polorb=1  (1s)
            splnorm:   0.15000    
               vcte:    0.0000    
               rinn:    0.0000    
               qcoe:    0.0000    
               qyuk:    0.0000    
               qwid:   0.10000E-01
                rcs:    0.0000      0.0000    
            lambdas:    1.0000      1.0000    
-------------------------------------------------------------------------------
L=0  Nkbl=1  erefs: 0.17977+309
L=1  Nkbl=1  erefs: 0.17977+309
L=2  Nkbl=1  erefs: 0.17977+309
===============================================================================
</basis_specs>

atom: Called for H                     (Z =   1)

read_vps: Pseudopotential generation method:
read_vps: ATM3      Troullier-Martins                       
Valence charge for ps generation:    1.00000

xc_check: Exchange-correlation functional:
xc_check: Ceperley-Alder
V l=0 = -2*Zval/r beyond r=  1.2977
V l=1 = -2*Zval/r beyond r=  1.2815
V l=2 = -2*Zval/r beyond r=  1.1307
All V_l potentials equal beyond r=  1.2977
This should be close to max(r_c) in ps generation
All pots = -2*Zval/r beyond r=  1.2977

VLOCAL1: 99.0% of the norm of Vloc inside     25.776 Ry
VLOCAL1: 99.9% of the norm of Vloc inside     58.745 Ry
atom: Maximum radius for 4*pi*r*r*local-pseudopot. charge    1.52711
atom: Maximum radius for r*vlocal+2*Zval:    1.28155
GHOST: No ghost state for L =  0
GHOST: No ghost state for L =  1
GHOST: No ghost state for L =  2

KBgen: Kleinman-Bylander projectors: 
   l= 0   rc=  1.434438   el= -0.467325   Ekb= -1.940326   kbcos= -0.353040
   l= 1   rc=  1.508111   el=  0.001430   Ekb= -0.480826   kbcos= -0.024144
   l= 2   rc=  1.527112   el=  0.002365   Ekb= -0.479392   kbcos= -0.001656

KBgen: Total number of Kleinman-Bylander projectors:    9
atom: -------------------------------------------------------------------------

atom: SANKEY-TYPE ORBITALS:
atom: Selected multiple-zeta basis: split     

SPLIT: Orbitals with angular momentum L= 0

SPLIT: Basis orbitals for state 1s

SPLIT: PAO cut-off radius determined from an
SPLIT: energy shift=  0.020000 Ry

   izeta = 1
                 lambda =    1.000000
                     rc =    4.828263
                 energy =   -0.449375
                kinetic =    0.925762
    potential(screened) =   -1.375137
       potential(ionic) =   -1.911235

   izeta = 2
                 rmatch =    3.854947
              splitnorm =    0.150000
                 energy =   -0.336149
                kinetic =    1.498089
    potential(screened) =   -1.834238
       potential(ionic) =   -2.406110

POLgen: Perturbative polarization orbital with L=  1

POLgen: Polarization orbital for state 1s

   izeta = 1
                     rc =    4.828263
                 energy =    0.707053
                kinetic =    1.398668
    potential(screened) =   -0.691614
       potential(ionic) =   -1.171973
atom: Total number of Sankey-type orbitals:  5

atm_pop: Valence configuration (for local Pseudopot. screening):
 1s( 1.00)                                                            
Vna: chval, zval:    1.00000   1.00000

Vna:  Cut-off radius for the neutral-atom potential:   4.828263

atom: _________________________________________________________________________

<basis_specs>
===============================================================================
O                    Z=   8    Mass=  16.000        Charge= 0.17977+309
Lmxo=1 Lmxkb= 3    BasisType=split      Semic=F
L=0  Nsemic=0  Cnfigmx=2
          i=1  nzeta=2  polorb=0  (2s)
            splnorm:   0.15000    
               vcte:    0.0000    
               rinn:    0.0000    
               qcoe:    0.0000    
               qyuk:    0.0000    
               qwid:   0.10000E-01
                rcs:    0.0000      0.0000    
            lambdas:    1.0000      1.0000    
L=1  Nsemic=0  Cnfigmx=2
          i=1  nzeta=2  polorb=1  (2p)
            splnorm:   0.15000    
               vcte:    0.0000    
               rinn:    0.0000    
               qcoe:    0.0000    
               qyuk:    0.0000    
               qwid:   0.10000E-01
                rcs:    0.0000      0.0000    
            lambdas:    1.0000      1.0000    
-------------------------------------------------------------------------------
L=0  Nkbl=1  erefs: 0.17977+309
L=1  Nkbl=1  erefs: 0.17977+309
L=2  Nkbl=1  erefs: 0.17977+309
L=3  Nkbl=1  erefs: 0.17977+309
===============================================================================
</basis_specs>

atom: Called for O                     (Z =   8)

read_vps: Pseudopotential generation method:
read_vps: ATM3      Troullier-Martins                       
Valence charge for ps generation:    6.00000

xc_check: Exchange-correlation functional:
xc_check: Ceperley-Alder
V l=0 = -2*Zval/r beyond r=  1.4482
V l=1 = -2*Zval/r beyond r=  1.4482
V l=2 = -2*Zval/r beyond r=  1.4482
V l=3 = -2*Zval/r beyond r=  1.4482
All V_l potentials equal beyond r=  1.4482
This should be close to max(r_c) in ps generation
All pots = -2*Zval/r beyond r=  1.4482

VLOCAL1: 99.0% of the norm of Vloc inside     20.696 Ry
VLOCAL1: 99.9% of the norm of Vloc inside     47.167 Ry
atom: Maximum radius for 4*pi*r*r*local-pseudopot. charge    1.74697
atom: Maximum radius for r*vlocal+2*Zval:    1.52250
GHOST: No ghost state for L =  0
GHOST: No ghost state for L =  1
GHOST: No ghost state for L =  2
GHOST: No ghost state for L =  3

KBgen: Kleinman-Bylander projectors: 
   l= 0   rc=  1.620715   el= -1.742414   Ekb=  4.456556   kbcos=  0.290194
   l= 1   rc=  1.600578   el= -0.676589   Ekb= -7.144994   kbcos= -0.499132
   l= 2   rc=  1.703827   el=  0.002386   Ekb= -1.602359   kbcos= -0.006666
   l= 3   rc=  1.746967   el=  0.003508   Ekb= -0.610601   kbcos= -0.000909

KBgen: Total number of Kleinman-Bylander projectors:   16
atom: -------------------------------------------------------------------------

atom: SANKEY-TYPE ORBITALS:
atom: Selected multiple-zeta basis: split     

SPLIT: Orbitals with angular momentum L= 0

SPLIT: Basis orbitals for state 2s

SPLIT: PAO cut-off radius determined from an
SPLIT: energy shift=  0.020000 Ry

   izeta = 1
                 lambda =    1.000000
                     rc =    3.305093
                 energy =   -1.723753
                kinetic =    1.583904
    potential(screened) =   -3.307656
       potential(ionic) =  -11.288993

   izeta = 2
                 rmatch =    2.510382
              splitnorm =    0.150000
                 energy =   -1.476627
                kinetic =    2.379421
    potential(screened) =   -3.856049
       potential(ionic) =  -12.446732

SPLIT: Orbitals with angular momentum L= 1

SPLIT: Basis orbitals for state 2p

SPLIT: PAO cut-off radius determined from an
SPLIT: energy shift=  0.020000 Ry

   izeta = 1
                 lambda =    1.000000
                     rc =    3.937239
                 energy =   -0.658849
                kinetic =    4.693978
    potential(screened) =   -5.352826
       potential(ionic) =  -13.082398

   izeta = 2
                 rmatch =    2.541963
              splitnorm =    0.150000
                 energy =   -0.363305
                kinetic =    7.018769
    potential(screened) =   -7.382074
       potential(ionic) =  -16.005408

POLgen: Perturbative polarization orbital with L=  2

POLgen: Polarization orbital for state 2p

   izeta = 1
                     rc =    3.937239
                 energy =    2.394514
                kinetic =    4.808418
    potential(screened) =   -2.413904
       potential(ionic) =   -8.736781
atom: Total number of Sankey-type orbitals: 13

atm_pop: Valence configuration (for local Pseudopot. screening):
 2s( 2.00)                                                            
 2p( 4.00)                                                            
Vna: chval, zval:    6.00000   6.00000

Vna:  Cut-off radius for the neutral-atom potential:   3.937239

atom: _________________________________________________________________________

prinput: Basis input ----------------------------------------------------------

PAO.BasisType split     

%block ChemicalSpeciesLabel
    1    1 H                       # Species index, atomic number, species label
    2    8 O                       # Species index, atomic number, species label
%endblock ChemicalSpeciesLabel

%block PAO.Basis                 # Define Basis set
H                     1                    # Species label, number of l-shells
 n=1   0   2 P   1                   # n, l, Nzeta, Polarization, NzetaPol
   4.828      3.855   
   1.000      1.000   
O                     2                    # Species label, number of l-shells
 n=2   0   2                         # n, l, Nzeta 
   3.305      2.510   
   1.000      1.000   
 n=2   1   2 P   1                   # n, l, Nzeta, Polarization, NzetaPol
   3.937      2.542   
   1.000      1.000   
%endblock PAO.Basis

prinput: ----------------------------------------------------------------------

Dumping basis to NetCDF file H.ion.nc
Dumping basis to NetCDF file O.ion.nc
coor:   Atomic-coordinates input format  =     Cartesian coordinates
coor:                                          (in Angstroms)

siesta: WARNING: XV file not found

siesta: Atomic coordinates (Bohr) and species
siesta:      1.32176   0.00000   1.46436  1        1
siesta:      1.32176   0.00000  -1.46436  1        2
siesta:      0.24142   0.00000   0.00000  2        3

siesta: System type = molecule  

initatomlists: Number of atoms, orbitals, and projectors:      3    23    34

coxmol: Writing XMOL coordinates into file siesta.xyz                                                          

siesta: ******************** Simulation parameters ****************************
siesta:
siesta: The following are some of the parameters of the simulation.
siesta: A complete list of the parameters used, including default values,
siesta: can be found in file out.fdf
siesta:
redata: Spin configuration                          = none
redata: Number of spin components                   = 1
redata: Time-Reversal Symmetry                      = T
redata: Spin spiral                                 = F
redata: Long output                                 =   F
redata: Number of Atomic Species                    =        2
redata: Charge density info will appear in .RHO file
redata: Write Mulliken Pop.                         = Atomic and Orbital charges
redata: Matel table size (NRTAB)                    =     1024
redata: Mesh Cutoff                                 =   200.0000 Ry
redata: Net charge of the system                    =     0.0000 |e|
redata: Min. number of SCF Iter                     =        0
redata: Max. number of SCF Iter                     =      150
redata: SCF convergence failure will abort job
redata: SCF mix quantity                            = Hamiltonian
redata: Mix DM or H after convergence               =   F
redata: Recompute H after scf cycle                 =   F
redata: Mix DM in first SCF step                    =   T
redata: Write Pulay info on disk                    =   F
redata: New DM Occupancy tolerance                  = 0.000000000001
redata: No kicks to SCF
redata: DM Mixing Weight for Kicks                  =     0.5000
redata: Require Harris convergence for SCF          =   F
redata: Harris energy tolerance for SCF             =     0.000100 eV
redata: Require DM convergence for SCF              =   T
redata: DM tolerance for SCF                        =     0.000100
redata: Require EDM convergence for SCF             =   F
redata: EDM tolerance for SCF                       =     0.001000 eV
redata: Require H convergence for SCF               =   T
redata: Hamiltonian tolerance for SCF               =     0.001000 eV
redata: Require (free) Energy convergence for SCF   =   F
redata: (free) Energy tolerance for SCF             =     0.000100 eV
redata: Using Saved Data (generic)                  =   F
redata: Use continuation files for DM               =   T
redata: Neglect nonoverlap interactions             =   F
redata: Method of Calculation                       = Diagonalization
redata: Electronic Temperature                      =   299.9869 K
redata: Fix the spin of the system                  =   F
redata: Dynamics option                             = Single-point calculation
mix.SCF: Pulay mixing                            = Pulay
mix.SCF:    Variant                              = stable
mix.SCF:    History steps                        = 4
mix.SCF:    Linear mixing weight                 =     0.300000
mix.SCF:    Mixing weight                        =     0.300000
mix.SCF:    SVD condition                        = 0.1000E-07
redata: Save all siesta data in one NC              =   F
redata: ***********************************************************************

%block SCF.Mixers
  Pulay
%endblock SCF.Mixers

%block SCF.Mixer.Pulay
  # Mixing method
  method pulay
  variant stable

  # Mixing options
  weight 0.3000
  weight.linear 0.3000
  history 4
%endblock SCF.Mixer.Pulay

DM_history_depth set to one: no extrapolation allowed by default for geometry relaxation
Size of DM history Fstack: 1
Total number of electrons:     8.000000
Total ionic charge:     8.000000

* ProcessorY, Blocksize:    1  24


* Orbital distribution balance (max,min):    23    23

 Kpoints in:            1 . Kpoints trimmed:            1

siesta: k-grid: Number of k-points =     1
siesta: k-grid: Cutoff (effective) =    10.000 Ang
siesta: k-grid: Supercell and displacements
siesta: k-grid:    1   0   0      0.000
siesta: k-grid:    0   1   0      0.000
siesta: k-grid:    0   0   1      0.000

diag: Algorithm                                     = D&C
diag: Parallel over k                               =   F
diag: Use parallel 2D distribution                  =   F
diag: Parallel block-size                           = 24
diag: Parallel distribution                         =     1 x     1
diag: Used triangular part                          = Lower
diag: Absolute tolerance                            =  0.100E-15
diag: Orthogonalization factor                      =  0.100E-05
diag: Memory factor                                 =  1.0000


ts: **************************************************************
ts: Save H and S matrices                           =    F
ts: Save DM and EDM matrices                        =    F
ts: Only save the overlap matrix S                  =    F
ts: **************************************************************

************************ Begin: TS CHECKS AND WARNINGS ************************
************************ End: TS CHECKS AND WARNINGS **************************


                     ====================================
                        Single-point calculation
                     ====================================

outcoor: Atomic coordinates (Ang):                          
    0.69944719    0.00000000    0.77490595   1       1  H
    0.69944719    0.00000000   -0.77490594   1       2  H
    0.12775474    0.00000000    0.00000000   2       3  O

outcell: Unit cell vectors (Ang):
       20.000000    0.000000    0.000000
        0.000000   20.000000    0.000000
        0.000000    0.000000   20.000000

outcell: Cell vector modules (Ang)   :   20.000000   20.000000   20.000000
outcell: Cell angles (23,13,12) (deg):     90.0000     90.0000     90.0000
outcell: Cell volume (Ang**3)        :   8000.0000
<dSpData1D:S at geom step 0
  <sparsity:sparsity for geom step 0
    nrows_g=23 nrows=23 sparsity=1.0000 nnzs=529, refcount: 7>
  <dData1D:(new from dSpData1D) n=529, refcount: 1>
refcount: 1>
new_DM -- step:     1
Initializing Density Matrix...

Attempting to read DM from file... Failed...
DM filled with atomic data:
<dSpData2D:DM initialized from atoms
  <sparsity:sparsity for geom step 0
    nrows_g=23 nrows=23 sparsity=1.0000 nnzs=529, refcount: 8>
  <dData2D:DM n=529 m=1, refcount: 1>
refcount: 1>
No. of atoms with KB's overlaping orbs in proc 0. Max # of overlaps:       3      23
New grid distribution:   1
           1       1:   90    1:   90    1:   90

InitMesh: MESH =   180 x   180 x   180 =     5832000
InitMesh: (bp) =    90 x    90 x    90 =      729000
InitMesh: Mesh cutoff (required, used) =   200.000   223.865 Ry
ExtMesh (bp) on 0 =   138 x   138 x   138 =     2628072
PhiOnMesh: Number of (b)points on node 0 =               729000
PhiOnMesh: nlist on node 0 =               101077

stepf: Fermi-Dirac step function

siesta: Program's energy decomposition (eV):
siesta: Ebs     =       -81.195604
siesta: Eions   =       642.143903
siesta: Ena     =        68.691436
siesta: Ekin    =       358.104358
siesta: Enl     =      -120.933110
siesta: Eso     =         0.000000
siesta: Edftu   =         0.000000
siesta: DEna    =       -12.744616
siesta: DUscf   =         2.146770
siesta: DUext   =         0.000000
siesta: Exc     =      -116.710081
siesta: eta*DQ  =         0.000000
siesta: Emadel  =         0.000000
siesta: Emeta   =         0.000000
siesta: Emolmec =         0.000000
siesta: Ekinion =         0.000000
siesta: Eharris =      -465.490820
siesta: Etot    =      -463.589145
siesta: FreeEng =      -463.589145

        iscf     Eharris(eV)        E_KS(eV)     FreeEng(eV)     dDmax    Ef(eV) dHmax(eV)
   scf:    1     -465.490820     -463.589145     -463.589145  1.445807 -3.633667  7.373406
timer: Routine,Calls,Time,% = IterSCF        1       4.972  49.05
   scf:    2     -464.844880     -464.373143     -464.373143  0.065765 -2.146328  2.091381
   scf:    3     -464.428102     -464.417114     -464.417114  0.017595 -1.527676  0.359917
   scf:    4     -464.421244     -464.419899     -464.419899  0.026040 -1.294181  0.119294
   scf:    5     -464.419130     -464.419802     -464.419802  0.002615 -1.209090  0.124797
   scf:    6     -464.420231     -464.420121     -464.420121  0.001565 -1.239425  0.002400
   scf:    7     -464.420121     -464.420121     -464.420121  0.000026 -1.238872  0.000506

SCF Convergence by DM+H criterion
max |DM_out - DM_in|         :     0.0000264120
max |H_out - H_in|      (eV) :     0.0005055839
SCF cycle converged after 7 iterations

Using DM_out to compute the final energy and forces
No. of atoms with KB's overlaping orbs in proc 0. Max # of overlaps:       3      23

siesta: E_KS(eV) =             -464.4201

siesta: E_KS - E_eggbox =      -464.4201

siesta: Atomic forces (eV/Ang):
     1    0.191120    0.000000    0.154242
     2    0.191121    0.000000   -0.154242
     3   -0.390434   -0.000000    0.000000
----------------------------------------
   Tot   -0.008193   -0.000000    0.000000
----------------------------------------
   Max    0.390434
   Res    0.174188    sqrt( Sum f_i^2 / 3N )
----------------------------------------
   Max    0.390434    constrained

Stress tensor Voigt[x,y,z,yz,xz,xy] (kbar):       -0.04       -0.00       -0.05       -0.00        0.00       -0.00
(Free)E + p*V (eV/cell)     -464.2669
Target enthalpy (eV/cell)     -464.4201

mulliken: Atomic and Orbital Populations:

Species: H                   
Atom  Qatom  Qorb
               1s      1s      2Ppy    2Ppz    2Ppx    
   1  1.141   0.393   0.490   0.110   0.040   0.108
   2  1.141   0.393   0.490   0.110   0.040   0.108

Species: O                   
Atom  Qatom  Qorb
               2s      2s      2py     2pz     2px     2py     2pz     2px     
               3Pdxy   3Pdyz   3Pdz2   3Pdxz   3Pdx2-y2
   3  5.718   0.742   0.609   1.708   0.567   1.322   0.069   0.508   0.171
              0.003  -0.000   0.000   0.013   0.005

mulliken: Qtot =        8.000

coxmol: Writing XMOL coordinates into file siesta.xyz                                                          

siesta: Program's energy decomposition (eV):
siesta: Ebs     =      -103.280349
siesta: Eions   =       642.143903
siesta: Ena     =        68.691436
siesta: Ekin    =       335.990435
siesta: Enl     =      -111.619772
siesta: Eso     =         0.000000
siesta: Edftu   =         0.000000
siesta: DEna    =        -3.297488
siesta: DUscf   =         0.782504
siesta: DUext   =         0.000000
siesta: Exc     =      -112.823333
siesta: eta*DQ  =         0.000000
siesta: Emadel  =         0.000000
siesta: Emeta   =         0.000000
siesta: Emolmec =         0.000000
siesta: Ekinion =         0.000000
siesta: Eharris =      -464.420121
siesta: Etot    =      -464.420121
siesta: FreeEng =      -464.420121

siesta: Final energy (eV):
siesta:  Band Struct. =    -103.280349
siesta:       Kinetic =     335.990435
siesta:       Hartree =     519.687259
siesta:       Edftu   =       0.000000
siesta:       Eso     =       0.000000
siesta:    Ext. field =       0.000000
siesta:   Exch.-corr. =    -112.823333
siesta:  Ion-electron =   -1330.823437
siesta:       Ion-ion =     123.548955
siesta:       Ekinion =       0.000000
siesta:         Total =    -464.420121
siesta:         Fermi =      -1.238872

siesta: Atomic forces (eV/Ang):
siesta:      1    0.191120    0.000000    0.154242
siesta:      2    0.191121    0.000000   -0.154242
siesta:      3   -0.390434   -0.000000    0.000000
siesta: ----------------------------------------
siesta:    Tot   -0.008193   -0.000000    0.000000

siesta: Stress tensor (static) (eV/Ang**3):
siesta:    -0.000028   -0.000000    0.000000
siesta:    -0.000000   -0.000000   -0.000000
siesta:     0.000000   -0.000000   -0.000030

siesta: Cell volume =       8000.000000 Ang**3

siesta: Pressure (static):
siesta:                Solid            Molecule  Units
siesta:           0.00000021         -0.00000000  Ry/Bohr**3
siesta:           0.00001916         -0.00000004  eV/Ang**3
siesta:           0.03069219         -0.00006283  kBar
(Free)E+ p_basis*V_orbitals  =        -463.834954
(Free)Eharris+ p_basis*V_orbitals  =        -463.834954

siesta: Electric dipole (a.u.)  =    0.539428   -0.000000    0.000000
siesta: Electric dipole (Debye) =    1.371090   -0.000000    0.000000

cite: Please see "siesta.bib" for an exhaustive BiBTeX file.
cite: Please clearly indicate Siesta version in published work: 4.1.5
cite: This calculation has made use of the following articles
cite: which are encouraged to be cited in a published work.
        Primary SIESTA paper
          DOI: www.doi.org/10.1088/0953-8984/14/11/302


timer: Elapsed wall time (sec) =      27.111
timer: CPU execution times (sec):

Routine            Calls   Time/call    Tot.time        %
siesta                 1      27.043      27.043   100.00
Setup                  1       0.218       0.218     0.81
bands                  1       0.000       0.000     0.00
KSV_init               1       0.000       0.000     0.00
IterGeom               1      26.824      26.824    99.19
state_init             1       0.331       0.331     1.22
hsparse                1       0.000       0.000     0.00
overlap                1       0.330       0.330     1.22
Setup_H0               1       4.616       4.616    17.07
naefs                  2       0.001       0.001     0.01
MolMec                 2       0.000       0.000     0.00
kinefsm                2       0.164       0.327     1.21
nlefsm                 2       0.873       1.746     6.45
DHSCF_Init             1       2.544       2.544     9.41
DHSCF1                 1       0.061       0.061     0.23
INITMESH               1       0.000       0.000     0.00
DHSCF2                 1       2.483       2.483     9.18
REMESH                 1       0.021       0.021     0.08
REORD                 26       0.014       0.370     1.37
PHION                  1       0.133       0.133     0.49
COMM_BSC              39       0.011       0.425     1.57
POISON                10       1.998      19.984    73.90
fft                   20       0.921      18.423    68.12
IterSCF                7       2.696      18.872    69.79
setup_H                8       2.358      18.866    69.76
DHSCF                  9       2.420      21.780    80.54
DHSCF3                 9       2.382      21.438    79.28
rhoofd                 9       0.020       0.182     0.67
XC                     9       0.132       1.191     4.40
GXC-CellXC             9       0.069       0.618     2.29
cellXC                 9       0.069       0.618     2.28
vmat                   9       0.013       0.114     0.42
compute_dm             7       0.001       0.005     0.02
diagon                 7       0.001       0.004     0.02
r-eigvec               7       0.001       0.004     0.01
r-buildHS              7       0.000       0.000     0.00
rdiag                  7       0.001       0.004     0.01
rdiag1                 7       0.000       0.001     0.00
rdiag2                 7       0.000       0.000     0.00
rdiag3                 7       0.000       0.002     0.01
rdiag4                 7       0.000       0.000     0.00
r-buildD               7       0.000       0.000     0.00
MIXER                  6       0.000       0.001     0.00
PostSCF                1       3.004       3.004    11.11
DHSCF4                 1       0.341       0.341     1.26
dfscf                  1       0.180       0.180     0.66
overfsm                1       0.000       0.000     0.00
state_analysis         1       0.001       0.001     0.00
siesta_move            1       0.000       0.000     0.00
Analysis               1       0.001       0.001     0.00
siesta_analysis        1       0.001       0.001     0.00
optical                1       0.000       0.000     0.00
  
>> End of run:   4-JUN-2023  23:28:36
Job completed
